// Jest Snapshot v1, https://goo.gl/fbAQLP

exports[`defaults 1`] = `
<div>
  <SelectContainer
    isDisabled={false}
    onKeyDown={[Function]}
  >
    <AriaStatus
      aria-atomic="true"
      aria-live="polite"
      role="status"
    >
      0
       results are available.
    </AriaStatus>
    <Control
      innerRef={[Function]}
      isDisabled={false}
      isFocused={false}
      onMouseDown={[Function]}
    >
      <ValueContainer
        hasValue={false}
        isMulti={false}
        maxHeight={100}
      >
        <Placeholder
          isDisabled={false}
          isMulti={false}
          key="placeholder"
        >
          Select...
        </Placeholder>
        <Input
          aria-autocomplete="list"
          aria-expanded={false}
          aria-haspopup={false}
          autoCapitalize="none"
          autoComplete="off"
          autoCorrect="off"
          id="react-select-2--input"
          innerRef={[Function]}
          inputStyle={
            Object {
              "background": "transparent",
              "border": 0,
              "fontSize": "inherit",
              "opacity": 1,
              "outline": 0,
            }
          }
          onBlur={[Function]}
          onChange={[Function]}
          onFocus={[Function]}
          role="combobox"
          spellCheck="false"
          tabIndex="0"
          type="text"
          value=""
        />
      </ValueContainer>
      <IndicatorsContainer>
        <DropdownIndicator
          isFocused={false}
          onMouseDown={[Function]}
          role="button"
        >
          <DownChevron
            label="Toggle Menu"
          />
        </DropdownIndicator>
      </IndicatorsContainer>
    </Control>
  </SelectContainer>
</div>
`;
